############################################### Execution 1 ########################################################
ets Jan  8 2013,rst cause:2, boot mode:(3,6)

load 0x40100000, len 7536, room 16
tail 0
chksum 0xa9
load 0x3ffe8408, len 24, room 8
tail 0
chksum 0x10
load 0x3ffe8420, len 3472, room 8
tail 8
chksum 0x21
csum 0x21
I (43) boot: ESP-IDF v3.4-71-g7085cc76-dirty 2nd stage bootloader
I (43) boot: compile time 19:09:23
I (44) boot: SPI Speed      : 40MHz
I (50) boot: SPI Mode       : DIO
I (57) boot: SPI Flash Size : 1MB
I (63) boot: Partition Table:
I (68) boot: ## Label            Usage          Type ST Offset   Length
I (79) boot:  0 nvs              WiFi data        01 02 00009000 00006000
I (91) boot:  1 phy_init         RF data          01 01 0000f000 00001000
I (102) boot:  2 factory          factory app      00 00 00010000 000f0000
I (114) boot: End of partition table
I (121) esp_image: segment 0: paddr=0x00010010 vaddr=0x40210010 size=0x15eec ( 89836) map
I (171) esp_image: segment 1: paddr=0x00025f04 vaddr=0x40225efc size=0x059c0 ( 22976) map
I (182) esp_image: segment 2: paddr=0x0002b8cc vaddr=0x3ffe8000 size=0x003dc (   988) load
I (183) esp_image: segment 3: paddr=0x0002bcb0 vaddr=0x40100000 size=0x00080 (   128) load
I (196) esp_image: segment 4: paddr=0x0002bd38 vaddr=0x40100080 size=0x04558 ( 17752) load
I (217) boot: Loaded app from partition at offset 0x10000
I (237) gpio: GPIO[2]| InputEn: 0| OutputEn: 1| OpenDrain: 0| Pullup: 0| Pulldown: 0| Intr:0
I (241) MAIN: Turning LED OFF

I (744) MAIN: Turning LED ON

I (751) MAIN: The LED Status: 1

I (1741) MAIN: Turning LED OFF

I (1751) MAIN: The LED Status: 0

I (2251) MAIN: Turning LED ON

I (2751) MAIN: The LED Status: 1

I (3241) MAIN: Turning LED OFF

I (3751) MAIN: The LED Status: 0

I (3752) MAIN: Turning LED ON

I (4741) MAIN: Turning LED OFF

I (4751) MAIN: The LED Status: 0

I (5251) MAIN: Turning LED ON

I (5751) MAIN: The LED Status: 1

I (6241) MAIN: Turning LED OFF

I (6751) MAIN: The LED Status: 0

I (6752) MAIN: Turning LED ON

I (7741) MAIN: Turning LED OFF

I (7751) MAIN: The LED Status: 0

I (8251) MAIN: Turning LED ON

I (8751) MAIN: The LED Status: 1

I (9241) MAIN: Turning LED OFF

I (9751) MAIN: The LED Status: 0

I (9752) MAIN: Turning LED ON

I (10742) MAIN: Turning LED OFF

I (10752) MAIN: The LED Status: 0

I (11252) MAIN: Turning LED ON

I (11752) MAIN: The LED Status: 1

I (12242) MAIN: Turning LED OFF

I (12752) MAIN: The LED Status: 0

I (12753) MAIN: Turning LED ON

I (13742) MAIN: Turning LED OFF

I (13752) MAIN: The LED Status: 0

I (14252) MAIN: Turning LED ON

I (14752) MAIN: The LED Status: 1

I (15242) MAIN: Turning LED OFF

############################################### Execution 2 ########################################################