ets Jan  8 2013,rst cause:2, boot mode:(3,6)

load 0x40100000, len 7536, room 16
tail 0
chksum 0xa9
load 0x3ffe8408, len 24, room 8
tail 0
chksum 0x10
load 0x3ffe8420, len 3472, room 8
tail 8
chksum 0x2c
csum 0x2c
I (43) boot: ESP-IDF v3.4-71-g7085cc76-dirty 2nd stage bootloader
I (43) boot: compile time 20:09:42
I (44) boot: SPI Speed      : 40MHz
I (50) boot: SPI Mode       : DIO
I (57) boot: SPI Flash Size : 1MB
I (63) boot: Partition Table:
I (68) boot: ## Label            Usage          Type ST Offset   Length
I (79) boot:  0 nvs              WiFi data        01 02 00009000 00006000
I (91) boot:  1 phy_init         RF data          01 01 0000f000 00001000
I (102) boot:  2 factory          factory app      00 00 00010000 000f0000
I (114) boot: End of partition table
I (121) esp_image: segment 0: paddr=0x00010010 vaddr=0x40210010 size=0x167cc ( 92108) map
I (172) esp_image: segment 1: paddr=0x000267e4 vaddr=0x402267dc size=0x05a30 ( 23088) map
I (183) esp_image: segment 2: paddr=0x0002c21c vaddr=0x3ffe8000 size=0x003dc (   988) load
I (184) esp_image: segment 3: paddr=0x0002c600 vaddr=0x40100000 size=0x00080 (   128) load
I (197) esp_image: segment 4: paddr=0x0002c688 vaddr=0x40100080 size=0x04590 ( 17808) load
I (218) boot: Loaded app from partition at offset 0x10000
I (239) gpio: GPIO[2]| InputEn: 0| OutputEn: 1| OpenDrain: 0| Pullup: 0| Pulldown: 0| Intr:0
I (241) MAIN: Turning LED OFF

I (744) MAIN: Turning LED ON

I (753) MAIN: The LED Status: 1

Task            Abs. Time       %Time
---------------------------------------
uiT             14032           2
led_on_task     17531           2
IDLE            0               <1
status_message_ 1133            <1
led_off_task    502780          73
Tmr Svc         148638          21
I (780) MAIN: Putting processor to sleep for 1 second

I (1793) MAIN: The LED Status: 1

I (1794) MAIN: Turning LED OFF

I (2295) MAIN: Putting processor to sleep for 1 second

I (3297) MAIN: The LED Status: 0

I (3298) MAIN: Turning LED OFF

I (3799) MAIN: Turning LED ON

I (3807) MAIN: Putting processor to sleep for 1 second

I (4808) MAIN: The LED Status: 1

I (4809) MAIN: Turning LED OFF

I (5310) MAIN: Putting processor to sleep for 1 second

I (6312) MAIN: The LED Status: 0

I (6313) MAIN: Turning LED OFF

I (6814) MAIN: Turning LED ON

I (6822) MAIN: Putting processor to sleep for 1 second

I (7824) MAIN: The LED Status: 1

I (7825) MAIN: Turning LED OFF

I (8326) MAIN: Putting processor to sleep for 1 second

I (9328) MAIN: The LED Status: 0

I (9329) MAIN: Turning LED OFF

I (9830) MAIN: Turning LED ON

I (9838) MAIN: Putting processor to sleep for 1 second

I (10839) MAIN: The LED Status: 1

I (10840) MAIN: Turning LED OFF

I (11339) MAIN: Putting processor to sleep for 1 second

I (12341) MAIN: The LED Status: 0

I (12342) MAIN: Turning LED OFF

I (12843) MAIN: Turning LED ON

I (12851) MAIN: Putting processor to sleep for 1 second

I (13852) MAIN: The LED Status: 1

I (13853) MAIN: Turning LED OFF
