ets Jan  8 2013,rst cause:2, boot mode:(3,6)

load 0x40100000, len 7536, room 16
tail 0
chksum 0x81
load 0x3ffe8408, len 24, room 8
tail 0
chksum 0x38
load 0x3ffe8420, len 3468, room 8
tail 4
chksum 0x56
csum 0x56
I (43) boot: ESP-IDF v3.4-71-g7085cc76 2nd stage bootloader
I (43) boot: compile time 13:12:54
I (43) boot: SPI Speed      : 40MHz
I (50) boot: SPI Mode       : DIO
I (56) boot: SPI Flash Size : 1MB
I (62) boot: Partition Table:
I (67) boot: ## Label            Usage          Type ST Offset   Length
I (79) boot:  0 nvs              WiFi data        01 02 00009000 00006000
I (90) boot:  1 phy_init         RF data          01 01 0000f000 00001000
I (102) boot:  2 factory          factory app      00 00 00010000 000f0000
I (113) boot: End of partition table
I (120) esp_image: segment 0: paddr=0x00010010 vaddr=0x40210010 size=0x16000 ( 90112) map
I (171) esp_image: segment 1: paddr=0x00026018 vaddr=0x40226010 size=0x05a64 ( 23140) map
I (181) esp_image: segment 2: paddr=0x0002ba84 vaddr=0x3ffe8000 size=0x003dc (   988) load
I (182) esp_image: segment 3: paddr=0x0002be68 vaddr=0x40100000 size=0x00080 (   128) load
I (196) esp_image: segment 4: paddr=0x0002bef0 vaddr=0x40100080 size=0x045b8 ( 17848) load
I (216) boot: Loaded app from partition at offset 0x10000
I (237) gpio: GPIO[2]| InputEn: 0| OutputEn: 1| OpenDrain: 0| Pullup: 0| Pulldown: 0| Intr:0
I (241) gpio: GPIO[0]| InputEn: 1| OutputEn: 0| OpenDrain: 0| Pullup: 0| Pulldown: 0| Intr:2
I (8881) main: GPIO[0] intr, val: 0

I (8883) main: Turning the LED on...

I (10382) main: GPIO[0] intr, val: 1

I (10384) main: Turning the LED off...

I (13552) main: GPIO[0] intr, val: 0

I (13554) main: Turning the LED on...

I (20203) main: GPIO[0] intr, val: 0

I (20205) main: Turning the LED on...

I (21703) main: GPIO[0] intr, val: 1

I (21705) main: Turning the LED off...

I (23203) main: GPIO[0] intr, val: 1

I (23205) main: Turning the LED off...

I (24703) main: GPIO[0] intr, val: 1

I (24705) main: Turning the LED off...

I (26203) main: GPIO[0] intr, val: 1

I (26205) main: Turning the LED off...

I (27703) main: GPIO[0] intr, val: 1

I (27705) main: Turning the LED off...

I (29203) main: GPIO[0] intr, val: 1

I (29205) main: Turning the LED off...

I (30704) main: GPIO[0] intr, val: 0

I (30706) main: Turning the LED on...

I (32204) main: GPIO[0] intr, val: 1

I (32206) main: Turning the LED off...

I (33704) main: GPIO[0] intr, val: 1

I (33706) main: Turning the LED off...
